// Jest Snapshot v1, https://goo.gl/fbAQLP

exports[`render Header snapshot 1`] = `
Object {
  "asFragment": [Function],
  "baseElement": <body>
    <div>
      <tr>
        <td>
          HONDA MOTOR CO., LTD
        </td>
        <td>
          JHM
        </td>
        <td />
        <td>
          2015-03-26
        </td>
        <td>
          Passenger Car
        </td>
      </tr>
      <tr>
        <td>
          HONDA OF AMERICA MFG., INC.
        </td>
        <td>
          1HG
        </td>
        <td>
          UNITED STATES (USA)
        </td>
        <td>
          2015-03-26
        </td>
        <td>
          Passenger Car
        </td>
      </tr>
      <tr>
        <td>
          HONDA MFG., ALABAMA., LLC.
        </td>
        <td>
          5KB
        </td>
        <td>
          UNITED STATES (USA)
        </td>
        <td>
          2015-03-26
        </td>
        <td>
          Passenger Car
        </td>
      </tr>
      <tr>
        <td>
          HONDA OF CANADA MFG., INC.
        </td>
        <td>
          2HG
        </td>
        <td>
          CANADA
        </td>
        <td>
          2015-03-26
        </td>
        <td>
          Passenger Car
        </td>
      </tr>
      <tr>
        <td>
          HONDA OF THE U.K. MFG., LTD.
        </td>
        <td>
          SHH
        </td>
        <td>
          UNITED KINGDOM (UK)
        </td>
        <td>
          2015-03-26
        </td>
        <td>
          Passenger Car
        </td>
      </tr>
      <tr>
        <td>
          HONDA DE MEXICO
        </td>
        <td>
          3HG
        </td>
        <td>
          MEXICO
        </td>
        <td>
          2015-03-26
        </td>
        <td>
          Passenger Car
        </td>
      </tr>
      <tr>
        <td>
          HONDA MFG., INDIANA., LLC.
        </td>
        <td>
          19X
        </td>
        <td />
        <td>
          2015-03-26
        </td>
        <td>
          Passenger Car
        </td>
      </tr>
      <tr>
        <td>
          HONDA MOTOR CO., LTD
        </td>
        <td>
          JH4
        </td>
        <td />
        <td>
          2015-03-27
        </td>
        <td>
          Passenger Car
        </td>
      </tr>
      <tr>
        <td>
          HONDA MOTOR CO., LTD
        </td>
        <td>
          JHL
        </td>
        <td />
        <td>
          2015-03-27
        </td>
        <td>
          Multipurpose Passenger Vehicle (MPV)
        </td>
      </tr>
      <tr>
        <td>
          HONDA MOTOR CO., LTD
        </td>
        <td>
          JH1
        </td>
        <td />
        <td>
          2015-03-27
        </td>
        <td>
          Truck 
        </td>
      </tr>
      <tr>
        <td>
          HONDA OF AMERICA MFG., INC.
        </td>
        <td>
          19U
        </td>
        <td>
          UNITED STATES (USA)
        </td>
        <td>
          2015-03-27
        </td>
        <td>
          Passenger Car
        </td>
      </tr>
      <tr>
        <td>
          HONDA OF AMERICA MFG., INC.
        </td>
        <td>
          5J6
        </td>
        <td>
          UNITED STATES (USA)
        </td>
        <td>
          2015-03-27
        </td>
        <td>
          Multipurpose Passenger Vehicle (MPV)
        </td>
      </tr>
      <tr>
        <td>
          HONDA OF AMERICA MFG., INC.
        </td>
        <td>
          5J8
        </td>
        <td>
          UNITED STATES (USA)
        </td>
        <td>
          2015-03-27
        </td>
        <td>
          Multipurpose Passenger Vehicle (MPV)
        </td>
      </tr>
      <tr>
        <td>
          HONDA OF AMERICA MFG., INC.
        </td>
        <td>
          5J7
        </td>
        <td>
          UNITED STATES (USA)
        </td>
        <td>
          2015-03-27
        </td>
        <td>
          Truck 
        </td>
      </tr>
      <tr>
        <td>
          HONDA OF AMERICA MFG., INC.
        </td>
        <td>
          5J0
        </td>
        <td>
          UNITED STATES (USA)
        </td>
        <td>
          2015-03-27
        </td>
        <td>
          Truck 
        </td>
      </tr>
      <tr>
        <td>
          HONDA MFG., ALABAMA., LLC.
        </td>
        <td>
          5KC
        </td>
        <td>
          UNITED STATES (USA)
        </td>
        <td>
          2015-03-27
        </td>
        <td>
          Passenger Car
        </td>
      </tr>
      <tr>
        <td>
          HONDA MFG., ALABAMA., LLC.
        </td>
        <td>
          5FN
        </td>
        <td>
          UNITED STATES (USA)
        </td>
        <td>
          2015-03-27
        </td>
        <td>
          Multipurpose Passenger Vehicle (MPV)
        </td>
      </tr>
      <tr>
        <td>
          HONDA MFG., ALABAMA., LLC.
        </td>
        <td>
          5FR
        </td>
        <td>
          UNITED STATES (USA)
        </td>
        <td>
          2015-03-27
        </td>
        <td>
          Multipurpose Passenger Vehicle (MPV)
        </td>
      </tr>
      <tr>
        <td>
          HONDA MFG., ALABAMA., LLC.
        </td>
        <td>
          5FP
        </td>
        <td>
          UNITED STATES (USA)
        </td>
        <td>
          2015-03-27
        </td>
        <td>
          Truck 
        </td>
      </tr>
      <tr>
        <td>
          HONDA MFG., ALABAMA., LLC.
        </td>
        <td>
          5FS
        </td>
        <td>
          UNITED STATES (USA)
        </td>
        <td>
          2015-03-27
        </td>
        <td>
          Truck 
        </td>
      </tr>
      <tr>
        <td>
          HONDA OF CANADA MFG., INC.
        </td>
        <td>
          2HH
        </td>
        <td>
          CANADA
        </td>
        <td>
          2015-03-27
        </td>
        <td>
          Passenger Car
        </td>
      </tr>
      <tr>
        <td>
          HONDA OF CANADA MFG., INC.
        </td>
        <td>
          2HK
        </td>
        <td>
          CANADA
        </td>
        <td>
          2015-03-27
        </td>
        <td>
          Multipurpose Passenger Vehicle (MPV)
        </td>
      </tr>
      <tr>
        <td>
          HONDA OF CANADA MFG., INC.
        </td>
        <td>
          2HN
        </td>
        <td>
          CANADA
        </td>
        <td>
          2015-03-27
        </td>
        <td>
          Multipurpose Passenger Vehicle (MPV)
        </td>
      </tr>
      <tr>
        <td>
          HONDA OF CANADA MFG., INC.
        </td>
        <td>
          2HJ
        </td>
        <td>
          CANADA
        </td>
        <td>
          2015-03-27
        </td>
        <td>
          Truck 
        </td>
      </tr>
      <tr>
        <td>
          HONDA OF CANADA MFG., INC.
        </td>
        <td>
          2HU
        </td>
        <td>
          CANADA
        </td>
        <td>
          2015-03-27
        </td>
        <td>
          Truck 
        </td>
      </tr>
      <tr>
        <td>
          HONDA OF THE U.K. MFG., LTD.
        </td>
        <td>
          SHS
        </td>
        <td>
          UNITED KINGDOM (UK)
        </td>
        <td>
          2015-03-27
        </td>
        <td>
          Multipurpose Passenger Vehicle (MPV)
        </td>
      </tr>
      <tr>
        <td>
          HONDA DE MEXICO
        </td>
        <td>
          3CZ
        </td>
        <td>
          MEXICO
        </td>
        <td>
          2015-03-27
        </td>
        <td>
          Multipurpose Passenger Vehicle (MPV)
        </td>
      </tr>
      <tr>
        <td>
          AMERICAN HONDA MOTOR CO., INC.
        </td>
        <td>
          JH2
        </td>
        <td />
        <td>
          2015-04-03
        </td>
        <td>
          Motorcycle
        </td>
      </tr>
      <tr>
        <td>
          AMERICAN HONDA MOTOR CO., INC.
        </td>
        <td>
          1HF
        </td>
        <td />
        <td>
          2015-04-03
        </td>
        <td>
          Motorcycle
        </td>
      </tr>
      <tr>
        <td>
          HONDA OF AMERICA MFG., INC.
        </td>
        <td>
          YC1
        </td>
        <td>
          BELGIUM
        </td>
        <td>
          2015-04-03
        </td>
        <td>
          Motorcycle
        </td>
      </tr>
      <tr>
        <td>
          AMERICAN HONDA MOTOR CO., INC.
        </td>
        <td>
          3H1
        </td>
        <td />
        <td>
          2015-04-03
        </td>
        <td>
          Motorcycle
        </td>
      </tr>
      <tr>
        <td>
          HONDA MFG., INDIANA., LLC.
        </td>
        <td>
          19V
        </td>
        <td>
          UNITED STATES (USA)
        </td>
        <td>
          2015-04-21
        </td>
        <td>
          Passenger Car
        </td>
      </tr>
      <tr>
        <td>
          AMERICAN HONDA MOTOR CO., INC.
        </td>
        <td>
          ZDC
        </td>
        <td />
        <td>
          2015-06-04
        </td>
        <td>
          Motorcycle
        </td>
      </tr>
      <tr>
        <td>
          AMERICAN HONDA MOTOR CO., INC.
        </td>
        <td>
          MLH
        </td>
        <td />
        <td>
          2015-06-04
        </td>
        <td>
          Motorcycle
        </td>
      </tr>
      <tr>
        <td>
          SUNDIRO HONDA MOTORCYCLE CO., LTD.
        </td>
        <td>
          LAL
        </td>
        <td>
          CHINA
        </td>
        <td>
          2015-06-04
        </td>
        <td>
          Motorcycle
        </td>
      </tr>
      <tr>
        <td>
          AMERICAN HONDA MOTOR CO., INC.
        </td>
        <td>
          RLH
        </td>
        <td />
        <td>
          2015-06-04
        </td>
        <td>
          Motorcycle
        </td>
      </tr>
      <tr>
        <td>
          AMERICAN HONDA MOTOR CO., INC.
        </td>
        <td>
          VTM
        </td>
        <td />
        <td>
          2015-06-04
        </td>
        <td>
          Motorcycle
        </td>
      </tr>
      <tr>
        <td>
          AMERICAN HONDA MOTOR CO., INC.
        </td>
        <td>
          LWB
        </td>
        <td />
        <td>
          2015-06-04
        </td>
        <td>
          Motorcycle
        </td>
      </tr>
      <tr>
        <td>
          CHONGQING GUANGYU MOTORCYCLE MANUFACTURE CO., LTD.
        </td>
        <td>
          LRY
        </td>
        <td>
          CHINA
        </td>
        <td>
          2015-07-07
        </td>
        <td>
          Motorcycle
        </td>
      </tr>
      <tr>
        <td>
          CHONGQING HI-BIRD MOTORCYCLE INDUSTRY CO., LTD.
        </td>
        <td>
          LSR
        </td>
        <td>
          CHINA
        </td>
        <td>
          2015-07-07
        </td>
        <td>
          Motorcycle
        </td>
      </tr>
      <tr>
        <td>
          CHONGQING KAIER MOTORCYCLE MANUFACTURING CO.,
        </td>
        <td>
          LYE
        </td>
        <td>
          CHINA
        </td>
        <td>
          2015-07-07
        </td>
        <td>
          Motorcycle
        </td>
      </tr>
      <tr>
        <td>
          CHONGQING KINLON MOTORCYCLE MANUFACTURE CO., LTD
        </td>
        <td>
          LLC
        </td>
        <td>
          CHINA
        </td>
        <td>
          2015-07-07
        </td>
        <td>
          Motorcycle
        </td>
      </tr>
      <tr>
        <td>
          CHONGQING HUANSONG INDUSTRIES (GROUP) CO., LTD.
        </td>
        <td>
          LWG
        </td>
        <td>
          CHINA
        </td>
        <td>
          2015-07-07
        </td>
        <td>
          Motorcycle
        </td>
      </tr>
      <tr>
        <td>
          CHONGQING RATO POWER CO., LTD.
        </td>
        <td>
          LRP
        </td>
        <td>
          CHINA
        </td>
        <td>
          2015-07-07
        </td>
        <td>
          Motorcycle
        </td>
      </tr>
      <tr>
        <td>
          CHONGQING YINXIANG MOTORCYCLE (GROUP) CO., LTD.
        </td>
        <td>
          LB4
        </td>
        <td>
          CHINA
        </td>
        <td>
          2015-07-07
        </td>
        <td>
          Motorcycle
        </td>
      </tr>
      <tr>
        <td>
          AMERICAN HONDA MOTOR CO., INC.
        </td>
        <td>
          JR2
        </td>
        <td>
          UNITED STATES (USA)
        </td>
        <td>
          2015-07-15
        </td>
        <td>
          Multipurpose Passenger Vehicle (MPV)
        </td>
      </tr>
      <tr>
        <td>
          WUXI JINHONG MOTORCYCLE CO., LTD
        </td>
        <td>
          LC3
        </td>
        <td>
          CHINA
        </td>
        <td>
          2015-07-16
        </td>
        <td>
          Motorcycle
        </td>
      </tr>
      <tr>
        <td>
          JOYHON, INC.
        </td>
        <td>
          1J9390
        </td>
        <td>
          UNITED STATES (USA)
        </td>
        <td>
          2015-07-20
        </td>
        <td>
          Trailer
        </td>
      </tr>
      <tr>
        <td>
          CHANGZHOU ZHONGMAO MACHINERY CO., LTD
        </td>
        <td>
          L0H
        </td>
        <td>
          CHINA
        </td>
        <td>
          2015-07-20
        </td>
        <td>
          Trailer
        </td>
      </tr>
      <tr>
        <td>
          CHONGQING ASTRONAUTIC BASHAN MOTORCYCLE MANUFACTURING CO., LTD.
        </td>
        <td>
          LHJ
        </td>
        <td>
          CHINA
        </td>
        <td>
          2015-07-21
        </td>
        <td>
          Motorcycle
        </td>
      </tr>
      <tr>
        <td>
          MARATHON METALWORKS
        </td>
        <td>
          1M9822
        </td>
        <td>
          UNITED STATES (USA)
        </td>
        <td>
          2015-07-23
        </td>
        <td>
          Trailer
        </td>
      </tr>
      <tr>
        <td>
          CHONGQING HENSIM GROUP CO., LTD.
        </td>
        <td>
          LUA
        </td>
        <td>
          CHINA
        </td>
        <td>
          2015-07-27
        </td>
        <td>
          Motorcycle
        </td>
      </tr>
      <tr>
        <td>
          JIANGMEN SINO-HONGKONG BAOTIAN MOTORCYCLE INDUSTRIAL CO., LTD.
        </td>
        <td>
          L82
        </td>
        <td>
          CHINA
        </td>
        <td>
          2015-08-05
        </td>
        <td>
          Motorcycle
        </td>
      </tr>
      <tr>
        <td>
          SHANDONG ZHONGTONG FEIYAN AUTOMOBILE CO. LTD.
        </td>
        <td>
          L69FYK
        </td>
        <td>
          UNITED STATES (USA)
        </td>
        <td>
          2015-08-07
        </td>
        <td>
          Motorcycle
        </td>
      </tr>
      <tr>
        <td>
          TAIZHOU ZHONGNENG MOTORCYCLE CO., LTD.
        </td>
        <td>
          L5Y
        </td>
        <td>
          CHINA
        </td>
        <td>
          2015-08-10
        </td>
        <td>
          Motorcycle
        </td>
      </tr>
      <tr>
        <td>
          SHANGHAI HUIZHONG AUTOMOTIVE MANUFACTURING CO., LTD
        </td>
        <td>
          LSB
        </td>
        <td>
          CHINA
        </td>
        <td>
          2015-08-11
        </td>
        <td>
          Trailer
        </td>
      </tr>
      <tr>
        <td>
          SHANGHAI HONLING MOTORCYCLE MANUFACTURE CO., LTD.
        </td>
        <td>
          LLA
        </td>
        <td>
          CHINA
        </td>
        <td>
          2015-08-11
        </td>
        <td>
          Motorcycle
        </td>
      </tr>
      <tr>
        <td>
          CHONGQING ANDES MOTORCYCLE MANUFACTURING CO.,LTD.
        </td>
        <td>
          LKX
        </td>
        <td>
          CHINA
        </td>
        <td>
          2015-08-31
        </td>
        <td>
          Motorcycle
        </td>
      </tr>
      <tr>
        <td>
          CHONGQING SHUANGQING MECHANICAL & ELECTRICAL CO.
        </td>
        <td>
          LZX
        </td>
        <td>
          CHINA
        </td>
        <td>
          2015-09-03
        </td>
        <td>
          Motorcycle
        </td>
      </tr>
      <tr>
        <td>
          CHONGQUING DAJIANG MOTORCYCLES CO., LTD
        </td>
        <td>
          L1P
        </td>
        <td>
          CHINA
        </td>
        <td>
          2015-09-04
        </td>
        <td>
          Motorcycle
        </td>
      </tr>
      <tr>
        <td>
          MARATHON HOMES CORPORATION
        </td>
        <td>
          1M9019
        </td>
        <td>
          UNITED STATES (USA)
        </td>
        <td>
          2015-09-16
        </td>
        <td>
          Trailer
        </td>
      </tr>
      <tr>
        <td>
          Xinri E-Vehicle Hongkong Co., Limited
        </td>
        <td>
          R12
        </td>
        <td>
          CHINA
        </td>
        <td>
          2015-11-06
        </td>
        <td>
          Motorcycle
        </td>
      </tr>
      <tr>
        <td>
          CHONGQING SHINERAY MOTORCYCLE CO., LTD.
        </td>
        <td>
          LXY
        </td>
        <td>
          CHINA
        </td>
        <td>
          2015-12-17
        </td>
        <td>
          Motorcycle
        </td>
      </tr>
      <tr>
        <td>
          AMERICAN HONDA MOTOR CO., INC.
        </td>
        <td>
          9C2
        </td>
        <td />
        <td>
          2015-12-30
        </td>
        <td>
          Motorcycle
        </td>
      </tr>
      <tr>
        <td>
          HONDA MOTOR CO., LTD
        </td>
        <td>
          JH3
        </td>
        <td>
          JAPAN
        </td>
        <td>
          2016-06-08
        </td>
        <td>
          Motorcycle
        </td>
      </tr>
      <tr>
        <td>
          HONDA MFG., INDIANA., LLC.
        </td>
        <td>
          478
        </td>
        <td>
          UNITED STATES (USA)
        </td>
        <td>
          2016-06-08
        </td>
        <td>
          Motorcycle
        </td>
      </tr>
      <tr>
        <td>
          MONTESA HONDA SA
        </td>
        <td>
          VTD
        </td>
        <td>
          SPAIN
        </td>
        <td>
          2016-06-17
        </td>
        <td>
          Motorcycle
        </td>
      </tr>
      <tr>
        <td>
          CHONGQING YINGANG SCIENCE & TECHNOLOGY (GROUP) CO., LTD.
        </td>
        <td>
          LY4
        </td>
        <td>
          CHINA
        </td>
        <td>
          2016-08-31
        </td>
        <td>
          Motorcycle
        </td>
      </tr>
      <tr>
        <td>
          RONGCHENG COMPAKS (HONG KONG) NEW ENERGY AUTOMOBILE CO LTD
        </td>
        <td>
          R1V
        </td>
        <td>
          HONG KONG
        </td>
        <td>
          2016-10-26
        </td>
        <td>
          Trailer
        </td>
      </tr>
      <tr>
        <td>
          MARATHON EQUIPMENT LTD 
        </td>
        <td>
          2M9004
        </td>
        <td>
          CANADA
        </td>
        <td>
          2017-02-22
        </td>
        <td>
          Trailer
        </td>
      </tr>
      <tr>
        <td>
          HONDA MFG., INDIANA., LLC.
        </td>
        <td>
          7FA
        </td>
        <td>
          UNITED STATES (USA)
        </td>
        <td>
          2017-03-09
        </td>
        <td>
          Multipurpose Passenger Vehicle (MPV)
        </td>
      </tr>
      <tr>
        <td>
          GRYPHON BIKES & CHOPPERS
        </td>
        <td>
          1G9340
        </td>
        <td>
          UNITED STATES (USA)
        </td>
        <td>
          2017-05-08
        </td>
        <td>
          Motorcycle
        </td>
      </tr>
      <tr>
        <td>
          JIANGMEN ZHONGYU MOTOR (GROUP) CO., LTD.
        </td>
        <td>
          LMF
        </td>
        <td>
          CHINA
        </td>
        <td>
          2017-05-17
        </td>
        <td>
          Motorcycle
        </td>
      </tr>
      <tr>
        <td>
          JHC NEW ENERGY VEHICLE HONGKONG CO.,LTD
        </td>
        <td>
          R1A
        </td>
        <td>
          CHINA
        </td>
        <td>
          2017-05-23
        </td>
        <td>
          Low Speed Vehicle (LSV)
        </td>
      </tr>
      <tr>
        <td>
          NANCHANG AIRCRAFT MFG. CO ( HONGDU MACHINERY PLANT)
        </td>
        <td>
          LPP
        </td>
        <td>
          CHINA
        </td>
        <td>
          2017-06-27
        </td>
        <td>
          Motorcycle
        </td>
      </tr>
      <tr>
        <td>
          HONNOR MARINE LTD
        </td>
        <td>
          SA9112
        </td>
        <td>
          UNITED KINGDOM (UK)
        </td>
        <td>
          2017-11-03
        </td>
        <td>
          Trailer
        </td>
      </tr>
      <tr>
        <td>
          HONGDU ELECTRIC VEHICLE HONGKONG CO.,LIMITED
        </td>
        <td>
          R2L
        </td>
        <td>
          CHINA
        </td>
        <td>
          2018-01-17
        </td>
        <td>
          Motorcycle
        </td>
      </tr>
      <tr>
        <td>
          HONGDOU GROUP CHITUMA MOTORCYCLE COMPANY
        </td>
        <td>
          LE6
        </td>
        <td>
          CHINA
        </td>
        <td>
          2018-01-25
        </td>
        <td>
          Motorcycle
        </td>
      </tr>
      <tr>
        <td>
          MARATHON EQUIPMENT COMPANY (DEL)
        </td>
        <td>
          1M9371
        </td>
        <td>
          UNITED STATES (USA)
        </td>
        <td>
          2018-03-14
        </td>
        <td>
          Trailer
        </td>
      </tr>
      <tr>
        <td>
          CHONGQING HUANGHE MOTORCYCLE CO.,LTD. 
        </td>
        <td>
          LDU
        </td>
        <td>
          CHINA
        </td>
        <td>
          2018-05-11
        </td>
        <td>
          Motorcycle
        </td>
      </tr>
      <tr>
        <td>
          CHONGQING LIYANG JIAYU MOTORCYCLE CO., LTD.
        </td>
        <td>
          LC4
        </td>
        <td>
          CHINA
        </td>
        <td>
          2018-08-10
        </td>
        <td>
          Motorcycle
        </td>
      </tr>
      <tr>
        <td>
          ELYX SMART TECHNOLOGY HOLDINGS (HONGKONG) LIMITED
        </td>
        <td>
          R4N
        </td>
        <td>
          CHINA
        </td>
        <td>
          2020-08-31
        </td>
        <td>
          Motorcycle
        </td>
      </tr>
    </div>
  </body>,
  "container": <div>
    <tr>
      <td>
        HONDA MOTOR CO., LTD
      </td>
      <td>
        JHM
      </td>
      <td />
      <td>
        2015-03-26
      </td>
      <td>
        Passenger Car
      </td>
    </tr>
    <tr>
      <td>
        HONDA OF AMERICA MFG., INC.
      </td>
      <td>
        1HG
      </td>
      <td>
        UNITED STATES (USA)
      </td>
      <td>
        2015-03-26
      </td>
      <td>
        Passenger Car
      </td>
    </tr>
    <tr>
      <td>
        HONDA MFG., ALABAMA., LLC.
      </td>
      <td>
        5KB
      </td>
      <td>
        UNITED STATES (USA)
      </td>
      <td>
        2015-03-26
      </td>
      <td>
        Passenger Car
      </td>
    </tr>
    <tr>
      <td>
        HONDA OF CANADA MFG., INC.
      </td>
      <td>
        2HG
      </td>
      <td>
        CANADA
      </td>
      <td>
        2015-03-26
      </td>
      <td>
        Passenger Car
      </td>
    </tr>
    <tr>
      <td>
        HONDA OF THE U.K. MFG., LTD.
      </td>
      <td>
        SHH
      </td>
      <td>
        UNITED KINGDOM (UK)
      </td>
      <td>
        2015-03-26
      </td>
      <td>
        Passenger Car
      </td>
    </tr>
    <tr>
      <td>
        HONDA DE MEXICO
      </td>
      <td>
        3HG
      </td>
      <td>
        MEXICO
      </td>
      <td>
        2015-03-26
      </td>
      <td>
        Passenger Car
      </td>
    </tr>
    <tr>
      <td>
        HONDA MFG., INDIANA., LLC.
      </td>
      <td>
        19X
      </td>
      <td />
      <td>
        2015-03-26
      </td>
      <td>
        Passenger Car
      </td>
    </tr>
    <tr>
      <td>
        HONDA MOTOR CO., LTD
      </td>
      <td>
        JH4
      </td>
      <td />
      <td>
        2015-03-27
      </td>
      <td>
        Passenger Car
      </td>
    </tr>
    <tr>
      <td>
        HONDA MOTOR CO., LTD
      </td>
      <td>
        JHL
      </td>
      <td />
      <td>
        2015-03-27
      </td>
      <td>
        Multipurpose Passenger Vehicle (MPV)
      </td>
    </tr>
    <tr>
      <td>
        HONDA MOTOR CO., LTD
      </td>
      <td>
        JH1
      </td>
      <td />
      <td>
        2015-03-27
      </td>
      <td>
        Truck 
      </td>
    </tr>
    <tr>
      <td>
        HONDA OF AMERICA MFG., INC.
      </td>
      <td>
        19U
      </td>
      <td>
        UNITED STATES (USA)
      </td>
      <td>
        2015-03-27
      </td>
      <td>
        Passenger Car
      </td>
    </tr>
    <tr>
      <td>
        HONDA OF AMERICA MFG., INC.
      </td>
      <td>
        5J6
      </td>
      <td>
        UNITED STATES (USA)
      </td>
      <td>
        2015-03-27
      </td>
      <td>
        Multipurpose Passenger Vehicle (MPV)
      </td>
    </tr>
    <tr>
      <td>
        HONDA OF AMERICA MFG., INC.
      </td>
      <td>
        5J8
      </td>
      <td>
        UNITED STATES (USA)
      </td>
      <td>
        2015-03-27
      </td>
      <td>
        Multipurpose Passenger Vehicle (MPV)
      </td>
    </tr>
    <tr>
      <td>
        HONDA OF AMERICA MFG., INC.
      </td>
      <td>
        5J7
      </td>
      <td>
        UNITED STATES (USA)
      </td>
      <td>
        2015-03-27
      </td>
      <td>
        Truck 
      </td>
    </tr>
    <tr>
      <td>
        HONDA OF AMERICA MFG., INC.
      </td>
      <td>
        5J0
      </td>
      <td>
        UNITED STATES (USA)
      </td>
      <td>
        2015-03-27
      </td>
      <td>
        Truck 
      </td>
    </tr>
    <tr>
      <td>
        HONDA MFG., ALABAMA., LLC.
      </td>
      <td>
        5KC
      </td>
      <td>
        UNITED STATES (USA)
      </td>
      <td>
        2015-03-27
      </td>
      <td>
        Passenger Car
      </td>
    </tr>
    <tr>
      <td>
        HONDA MFG., ALABAMA., LLC.
      </td>
      <td>
        5FN
      </td>
      <td>
        UNITED STATES (USA)
      </td>
      <td>
        2015-03-27
      </td>
      <td>
        Multipurpose Passenger Vehicle (MPV)
      </td>
    </tr>
    <tr>
      <td>
        HONDA MFG., ALABAMA., LLC.
      </td>
      <td>
        5FR
      </td>
      <td>
        UNITED STATES (USA)
      </td>
      <td>
        2015-03-27
      </td>
      <td>
        Multipurpose Passenger Vehicle (MPV)
      </td>
    </tr>
    <tr>
      <td>
        HONDA MFG., ALABAMA., LLC.
      </td>
      <td>
        5FP
      </td>
      <td>
        UNITED STATES (USA)
      </td>
      <td>
        2015-03-27
      </td>
      <td>
        Truck 
      </td>
    </tr>
    <tr>
      <td>
        HONDA MFG., ALABAMA., LLC.
      </td>
      <td>
        5FS
      </td>
      <td>
        UNITED STATES (USA)
      </td>
      <td>
        2015-03-27
      </td>
      <td>
        Truck 
      </td>
    </tr>
    <tr>
      <td>
        HONDA OF CANADA MFG., INC.
      </td>
      <td>
        2HH
      </td>
      <td>
        CANADA
      </td>
      <td>
        2015-03-27
      </td>
      <td>
        Passenger Car
      </td>
    </tr>
    <tr>
      <td>
        HONDA OF CANADA MFG., INC.
      </td>
      <td>
        2HK
      </td>
      <td>
        CANADA
      </td>
      <td>
        2015-03-27
      </td>
      <td>
        Multipurpose Passenger Vehicle (MPV)
      </td>
    </tr>
    <tr>
      <td>
        HONDA OF CANADA MFG., INC.
      </td>
      <td>
        2HN
      </td>
      <td>
        CANADA
      </td>
      <td>
        2015-03-27
      </td>
      <td>
        Multipurpose Passenger Vehicle (MPV)
      </td>
    </tr>
    <tr>
      <td>
        HONDA OF CANADA MFG., INC.
      </td>
      <td>
        2HJ
      </td>
      <td>
        CANADA
      </td>
      <td>
        2015-03-27
      </td>
      <td>
        Truck 
      </td>
    </tr>
    <tr>
      <td>
        HONDA OF CANADA MFG., INC.
      </td>
      <td>
        2HU
      </td>
      <td>
        CANADA
      </td>
      <td>
        2015-03-27
      </td>
      <td>
        Truck 
      </td>
    </tr>
    <tr>
      <td>
        HONDA OF THE U.K. MFG., LTD.
      </td>
      <td>
        SHS
      </td>
      <td>
        UNITED KINGDOM (UK)
      </td>
      <td>
        2015-03-27
      </td>
      <td>
        Multipurpose Passenger Vehicle (MPV)
      </td>
    </tr>
    <tr>
      <td>
        HONDA DE MEXICO
      </td>
      <td>
        3CZ
      </td>
      <td>
        MEXICO
      </td>
      <td>
        2015-03-27
      </td>
      <td>
        Multipurpose Passenger Vehicle (MPV)
      </td>
    </tr>
    <tr>
      <td>
        AMERICAN HONDA MOTOR CO., INC.
      </td>
      <td>
        JH2
      </td>
      <td />
      <td>
        2015-04-03
      </td>
      <td>
        Motorcycle
      </td>
    </tr>
    <tr>
      <td>
        AMERICAN HONDA MOTOR CO., INC.
      </td>
      <td>
        1HF
      </td>
      <td />
      <td>
        2015-04-03
      </td>
      <td>
        Motorcycle
      </td>
    </tr>
    <tr>
      <td>
        HONDA OF AMERICA MFG., INC.
      </td>
      <td>
        YC1
      </td>
      <td>
        BELGIUM
      </td>
      <td>
        2015-04-03
      </td>
      <td>
        Motorcycle
      </td>
    </tr>
    <tr>
      <td>
        AMERICAN HONDA MOTOR CO., INC.
      </td>
      <td>
        3H1
      </td>
      <td />
      <td>
        2015-04-03
      </td>
      <td>
        Motorcycle
      </td>
    </tr>
    <tr>
      <td>
        HONDA MFG., INDIANA., LLC.
      </td>
      <td>
        19V
      </td>
      <td>
        UNITED STATES (USA)
      </td>
      <td>
        2015-04-21
      </td>
      <td>
        Passenger Car
      </td>
    </tr>
    <tr>
      <td>
        AMERICAN HONDA MOTOR CO., INC.
      </td>
      <td>
        ZDC
      </td>
      <td />
      <td>
        2015-06-04
      </td>
      <td>
        Motorcycle
      </td>
    </tr>
    <tr>
      <td>
        AMERICAN HONDA MOTOR CO., INC.
      </td>
      <td>
        MLH
      </td>
      <td />
      <td>
        2015-06-04
      </td>
      <td>
        Motorcycle
      </td>
    </tr>
    <tr>
      <td>
        SUNDIRO HONDA MOTORCYCLE CO., LTD.
      </td>
      <td>
        LAL
      </td>
      <td>
        CHINA
      </td>
      <td>
        2015-06-04
      </td>
      <td>
        Motorcycle
      </td>
    </tr>
    <tr>
      <td>
        AMERICAN HONDA MOTOR CO., INC.
      </td>
      <td>
        RLH
      </td>
      <td />
      <td>
        2015-06-04
      </td>
      <td>
        Motorcycle
      </td>
    </tr>
    <tr>
      <td>
        AMERICAN HONDA MOTOR CO., INC.
      </td>
      <td>
        VTM
      </td>
      <td />
      <td>
        2015-06-04
      </td>
      <td>
        Motorcycle
      </td>
    </tr>
    <tr>
      <td>
        AMERICAN HONDA MOTOR CO., INC.
      </td>
      <td>
        LWB
      </td>
      <td />
      <td>
        2015-06-04
      </td>
      <td>
        Motorcycle
      </td>
    </tr>
    <tr>
      <td>
        CHONGQING GUANGYU MOTORCYCLE MANUFACTURE CO., LTD.
      </td>
      <td>
        LRY
      </td>
      <td>
        CHINA
      </td>
      <td>
        2015-07-07
      </td>
      <td>
        Motorcycle
      </td>
    </tr>
    <tr>
      <td>
        CHONGQING HI-BIRD MOTORCYCLE INDUSTRY CO., LTD.
      </td>
      <td>
        LSR
      </td>
      <td>
        CHINA
      </td>
      <td>
        2015-07-07
      </td>
      <td>
        Motorcycle
      </td>
    </tr>
    <tr>
      <td>
        CHONGQING KAIER MOTORCYCLE MANUFACTURING CO.,
      </td>
      <td>
        LYE
      </td>
      <td>
        CHINA
      </td>
      <td>
        2015-07-07
      </td>
      <td>
        Motorcycle
      </td>
    </tr>
    <tr>
      <td>
        CHONGQING KINLON MOTORCYCLE MANUFACTURE CO., LTD
      </td>
      <td>
        LLC
      </td>
      <td>
        CHINA
      </td>
      <td>
        2015-07-07
      </td>
      <td>
        Motorcycle
      </td>
    </tr>
    <tr>
      <td>
        CHONGQING HUANSONG INDUSTRIES (GROUP) CO., LTD.
      </td>
      <td>
        LWG
      </td>
      <td>
        CHINA
      </td>
      <td>
        2015-07-07
      </td>
      <td>
        Motorcycle
      </td>
    </tr>
    <tr>
      <td>
        CHONGQING RATO POWER CO., LTD.
      </td>
      <td>
        LRP
      </td>
      <td>
        CHINA
      </td>
      <td>
        2015-07-07
      </td>
      <td>
        Motorcycle
      </td>
    </tr>
    <tr>
      <td>
        CHONGQING YINXIANG MOTORCYCLE (GROUP) CO., LTD.
      </td>
      <td>
        LB4
      </td>
      <td>
        CHINA
      </td>
      <td>
        2015-07-07
      </td>
      <td>
        Motorcycle
      </td>
    </tr>
    <tr>
      <td>
        AMERICAN HONDA MOTOR CO., INC.
      </td>
      <td>
        JR2
      </td>
      <td>
        UNITED STATES (USA)
      </td>
      <td>
        2015-07-15
      </td>
      <td>
        Multipurpose Passenger Vehicle (MPV)
      </td>
    </tr>
    <tr>
      <td>
        WUXI JINHONG MOTORCYCLE CO., LTD
      </td>
      <td>
        LC3
      </td>
      <td>
        CHINA
      </td>
      <td>
        2015-07-16
      </td>
      <td>
        Motorcycle
      </td>
    </tr>
    <tr>
      <td>
        JOYHON, INC.
      </td>
      <td>
        1J9390
      </td>
      <td>
        UNITED STATES (USA)
      </td>
      <td>
        2015-07-20
      </td>
      <td>
        Trailer
      </td>
    </tr>
    <tr>
      <td>
        CHANGZHOU ZHONGMAO MACHINERY CO., LTD
      </td>
      <td>
        L0H
      </td>
      <td>
        CHINA
      </td>
      <td>
        2015-07-20
      </td>
      <td>
        Trailer
      </td>
    </tr>
    <tr>
      <td>
        CHONGQING ASTRONAUTIC BASHAN MOTORCYCLE MANUFACTURING CO., LTD.
      </td>
      <td>
        LHJ
      </td>
      <td>
        CHINA
      </td>
      <td>
        2015-07-21
      </td>
      <td>
        Motorcycle
      </td>
    </tr>
    <tr>
      <td>
        MARATHON METALWORKS
      </td>
      <td>
        1M9822
      </td>
      <td>
        UNITED STATES (USA)
      </td>
      <td>
        2015-07-23
      </td>
      <td>
        Trailer
      </td>
    </tr>
    <tr>
      <td>
        CHONGQING HENSIM GROUP CO., LTD.
      </td>
      <td>
        LUA
      </td>
      <td>
        CHINA
      </td>
      <td>
        2015-07-27
      </td>
      <td>
        Motorcycle
      </td>
    </tr>
    <tr>
      <td>
        JIANGMEN SINO-HONGKONG BAOTIAN MOTORCYCLE INDUSTRIAL CO., LTD.
      </td>
      <td>
        L82
      </td>
      <td>
        CHINA
      </td>
      <td>
        2015-08-05
      </td>
      <td>
        Motorcycle
      </td>
    </tr>
    <tr>
      <td>
        SHANDONG ZHONGTONG FEIYAN AUTOMOBILE CO. LTD.
      </td>
      <td>
        L69FYK
      </td>
      <td>
        UNITED STATES (USA)
      </td>
      <td>
        2015-08-07
      </td>
      <td>
        Motorcycle
      </td>
    </tr>
    <tr>
      <td>
        TAIZHOU ZHONGNENG MOTORCYCLE CO., LTD.
      </td>
      <td>
        L5Y
      </td>
      <td>
        CHINA
      </td>
      <td>
        2015-08-10
      </td>
      <td>
        Motorcycle
      </td>
    </tr>
    <tr>
      <td>
        SHANGHAI HUIZHONG AUTOMOTIVE MANUFACTURING CO., LTD
      </td>
      <td>
        LSB
      </td>
      <td>
        CHINA
      </td>
      <td>
        2015-08-11
      </td>
      <td>
        Trailer
      </td>
    </tr>
    <tr>
      <td>
        SHANGHAI HONLING MOTORCYCLE MANUFACTURE CO., LTD.
      </td>
      <td>
        LLA
      </td>
      <td>
        CHINA
      </td>
      <td>
        2015-08-11
      </td>
      <td>
        Motorcycle
      </td>
    </tr>
    <tr>
      <td>
        CHONGQING ANDES MOTORCYCLE MANUFACTURING CO.,LTD.
      </td>
      <td>
        LKX
      </td>
      <td>
        CHINA
      </td>
      <td>
        2015-08-31
      </td>
      <td>
        Motorcycle
      </td>
    </tr>
    <tr>
      <td>
        CHONGQING SHUANGQING MECHANICAL & ELECTRICAL CO.
      </td>
      <td>
        LZX
      </td>
      <td>
        CHINA
      </td>
      <td>
        2015-09-03
      </td>
      <td>
        Motorcycle
      </td>
    </tr>
    <tr>
      <td>
        CHONGQUING DAJIANG MOTORCYCLES CO., LTD
      </td>
      <td>
        L1P
      </td>
      <td>
        CHINA
      </td>
      <td>
        2015-09-04
      </td>
      <td>
        Motorcycle
      </td>
    </tr>
    <tr>
      <td>
        MARATHON HOMES CORPORATION
      </td>
      <td>
        1M9019
      </td>
      <td>
        UNITED STATES (USA)
      </td>
      <td>
        2015-09-16
      </td>
      <td>
        Trailer
      </td>
    </tr>
    <tr>
      <td>
        Xinri E-Vehicle Hongkong Co., Limited
      </td>
      <td>
        R12
      </td>
      <td>
        CHINA
      </td>
      <td>
        2015-11-06
      </td>
      <td>
        Motorcycle
      </td>
    </tr>
    <tr>
      <td>
        CHONGQING SHINERAY MOTORCYCLE CO., LTD.
      </td>
      <td>
        LXY
      </td>
      <td>
        CHINA
      </td>
      <td>
        2015-12-17
      </td>
      <td>
        Motorcycle
      </td>
    </tr>
    <tr>
      <td>
        AMERICAN HONDA MOTOR CO., INC.
      </td>
      <td>
        9C2
      </td>
      <td />
      <td>
        2015-12-30
      </td>
      <td>
        Motorcycle
      </td>
    </tr>
    <tr>
      <td>
        HONDA MOTOR CO., LTD
      </td>
      <td>
        JH3
      </td>
      <td>
        JAPAN
      </td>
      <td>
        2016-06-08
      </td>
      <td>
        Motorcycle
      </td>
    </tr>
    <tr>
      <td>
        HONDA MFG., INDIANA., LLC.
      </td>
      <td>
        478
      </td>
      <td>
        UNITED STATES (USA)
      </td>
      <td>
        2016-06-08
      </td>
      <td>
        Motorcycle
      </td>
    </tr>
    <tr>
      <td>
        MONTESA HONDA SA
      </td>
      <td>
        VTD
      </td>
      <td>
        SPAIN
      </td>
      <td>
        2016-06-17
      </td>
      <td>
        Motorcycle
      </td>
    </tr>
    <tr>
      <td>
        CHONGQING YINGANG SCIENCE & TECHNOLOGY (GROUP) CO., LTD.
      </td>
      <td>
        LY4
      </td>
      <td>
        CHINA
      </td>
      <td>
        2016-08-31
      </td>
      <td>
        Motorcycle
      </td>
    </tr>
    <tr>
      <td>
        RONGCHENG COMPAKS (HONG KONG) NEW ENERGY AUTOMOBILE CO LTD
      </td>
      <td>
        R1V
      </td>
      <td>
        HONG KONG
      </td>
      <td>
        2016-10-26
      </td>
      <td>
        Trailer
      </td>
    </tr>
    <tr>
      <td>
        MARATHON EQUIPMENT LTD 
      </td>
      <td>
        2M9004
      </td>
      <td>
        CANADA
      </td>
      <td>
        2017-02-22
      </td>
      <td>
        Trailer
      </td>
    </tr>
    <tr>
      <td>
        HONDA MFG., INDIANA., LLC.
      </td>
      <td>
        7FA
      </td>
      <td>
        UNITED STATES (USA)
      </td>
      <td>
        2017-03-09
      </td>
      <td>
        Multipurpose Passenger Vehicle (MPV)
      </td>
    </tr>
    <tr>
      <td>
        GRYPHON BIKES & CHOPPERS
      </td>
      <td>
        1G9340
      </td>
      <td>
        UNITED STATES (USA)
      </td>
      <td>
        2017-05-08
      </td>
      <td>
        Motorcycle
      </td>
    </tr>
    <tr>
      <td>
        JIANGMEN ZHONGYU MOTOR (GROUP) CO., LTD.
      </td>
      <td>
        LMF
      </td>
      <td>
        CHINA
      </td>
      <td>
        2017-05-17
      </td>
      <td>
        Motorcycle
      </td>
    </tr>
    <tr>
      <td>
        JHC NEW ENERGY VEHICLE HONGKONG CO.,LTD
      </td>
      <td>
        R1A
      </td>
      <td>
        CHINA
      </td>
      <td>
        2017-05-23
      </td>
      <td>
        Low Speed Vehicle (LSV)
      </td>
    </tr>
    <tr>
      <td>
        NANCHANG AIRCRAFT MFG. CO ( HONGDU MACHINERY PLANT)
      </td>
      <td>
        LPP
      </td>
      <td>
        CHINA
      </td>
      <td>
        2017-06-27
      </td>
      <td>
        Motorcycle
      </td>
    </tr>
    <tr>
      <td>
        HONNOR MARINE LTD
      </td>
      <td>
        SA9112
      </td>
      <td>
        UNITED KINGDOM (UK)
      </td>
      <td>
        2017-11-03
      </td>
      <td>
        Trailer
      </td>
    </tr>
    <tr>
      <td>
        HONGDU ELECTRIC VEHICLE HONGKONG CO.,LIMITED
      </td>
      <td>
        R2L
      </td>
      <td>
        CHINA
      </td>
      <td>
        2018-01-17
      </td>
      <td>
        Motorcycle
      </td>
    </tr>
    <tr>
      <td>
        HONGDOU GROUP CHITUMA MOTORCYCLE COMPANY
      </td>
      <td>
        LE6
      </td>
      <td>
        CHINA
      </td>
      <td>
        2018-01-25
      </td>
      <td>
        Motorcycle
      </td>
    </tr>
    <tr>
      <td>
        MARATHON EQUIPMENT COMPANY (DEL)
      </td>
      <td>
        1M9371
      </td>
      <td>
        UNITED STATES (USA)
      </td>
      <td>
        2018-03-14
      </td>
      <td>
        Trailer
      </td>
    </tr>
    <tr>
      <td>
        CHONGQING HUANGHE MOTORCYCLE CO.,LTD. 
      </td>
      <td>
        LDU
      </td>
      <td>
        CHINA
      </td>
      <td>
        2018-05-11
      </td>
      <td>
        Motorcycle
      </td>
    </tr>
    <tr>
      <td>
        CHONGQING LIYANG JIAYU MOTORCYCLE CO., LTD.
      </td>
      <td>
        LC4
      </td>
      <td>
        CHINA
      </td>
      <td>
        2018-08-10
      </td>
      <td>
        Motorcycle
      </td>
    </tr>
    <tr>
      <td>
        ELYX SMART TECHNOLOGY HOLDINGS (HONGKONG) LIMITED
      </td>
      <td>
        R4N
      </td>
      <td>
        CHINA
      </td>
      <td>
        2020-08-31
      </td>
      <td>
        Motorcycle
      </td>
    </tr>
  </div>,
  "debug": [Function],
  "findAllByAltText": [Function],
  "findAllByDisplayValue": [Function],
  "findAllByLabelText": [Function],
  "findAllByPlaceholderText": [Function],
  "findAllByRole": [Function],
  "findAllByTestId": [Function],
  "findAllByText": [Function],
  "findAllByTitle": [Function],
  "findByAltText": [Function],
  "findByDisplayValue": [Function],
  "findByLabelText": [Function],
  "findByPlaceholderText": [Function],
  "findByRole": [Function],
  "findByTestId": [Function],
  "findByText": [Function],
  "findByTitle": [Function],
  "getAllByAltText": [Function],
  "getAllByDisplayValue": [Function],
  "getAllByLabelText": [Function],
  "getAllByPlaceholderText": [Function],
  "getAllByRole": [Function],
  "getAllByTestId": [Function],
  "getAllByText": [Function],
  "getAllByTitle": [Function],
  "getByAltText": [Function],
  "getByDisplayValue": [Function],
  "getByLabelText": [Function],
  "getByPlaceholderText": [Function],
  "getByRole": [Function],
  "getByTestId": [Function],
  "getByText": [Function],
  "getByTitle": [Function],
  "queryAllByAltText": [Function],
  "queryAllByDisplayValue": [Function],
  "queryAllByLabelText": [Function],
  "queryAllByPlaceholderText": [Function],
  "queryAllByRole": [Function],
  "queryAllByTestId": [Function],
  "queryAllByText": [Function],
  "queryAllByTitle": [Function],
  "queryByAltText": [Function],
  "queryByDisplayValue": [Function],
  "queryByLabelText": [Function],
  "queryByPlaceholderText": [Function],
  "queryByRole": [Function],
  "queryByTestId": [Function],
  "queryByText": [Function],
  "queryByTitle": [Function],
  "rerender": [Function],
  "unmount": [Function],
}
`;
